<?xml version="1.0" encoding="utf-8" ?>
<entry_list version="1.0"><entry id="help[1]"><ew>help</ew><hw hindex="1">help</hw><sound><wav>help0001.wav</wav><wpr>!help</wpr></sound><pr>ˈhelp; <it>Southern often</it> ˈhep <it>also</it> ˈheəp</pr><fl>verb</fl><et>Middle English, from Old English <it>helpan;</it> akin to Old High German <it>helfan</it> to help, and perhaps to Lithuanian <it>šelpti</it></et><def><vt>transitive verb</vt><date>before 12th century</date> <sn>1</sn> <dt>:to give assistance or support to <vi><it>help</it> a child with homework</vi></dt> <sn>2 a</sn> <dt>:to make more pleasant or bearable :<sx>improve</sx> <sx>relieve</sx> <vi>bright curtains will <it>help</it> the room</vi> <vi>took an aspirin to <it>help</it> her headache</vi></dt>  <sn>b</sn> <ssl>archaic</ssl> <dt>:<sx>rescue</sx> <sx>save</sx></dt> <sn>3 a</sn> <dt>:to be of use to :<sx>benefit</sx></dt>  <sn>b</sn> <dt>:to further the advancement of :<sx>promote</sx></dt> <sn>4 a</sn> <dt>:to change for the better</dt>  <sn>b</sn> <dt>:to refrain from :<sx>avoid</sx> <vi>we couldn't <it>help</it> laughing</vi></dt>  <sn>c</sn> <dt>:to keep from occurring :<sx>prevent</sx> <vi>they couldn't <it>help</it> the accident</vi></dt>  <sn>d</sn> <dt>:to restrain (oneself) from doing something <vi>knew they shouldn't go but couldn't <it>help</it> themselves</vi></dt> <sn>5</sn> <dt>:to serve with food or drink especially at a meal <vi>told the guests to <it>help</it> themselves</vi></dt> <sn>6</sn> <dt>:to appropriate something for (oneself) <vi><it>help</it><it>ed</it> himself to the car keys</vi></dt><vt>intransitive verb</vt> <sn>1</sn> <dt>:give assistance or support <un>often used with <it>out</it> <vi><it>help</it><it>s</it> out with the housework</vi></un></dt> <sn>2</sn> <dt>:to be of use or benefit</dt><ss>improve</ss></def><dro><drp>so help me</drp> <def><dt>:upon my word :believe it or not</dt></def></dro></entry>
	<entry id="help[2]"><ew>help</ew><hw hindex="2">help</hw><fl>noun</fl><def><date>before 12th century</date> <sn>1</sn> <dt>:<sx>aid</sx> <sx>assistance</sx></dt> <sn>2</sn> <dt>:a source of aid <vi>printed <it>help</it><it>s</it> to the memory <aq>C. S. Braden</aq></vi></dt> <sn>3</sn> <dt>:<sx>remedy</sx> <sx>relief</sx> <vi>there was no <it>help</it> for it</vi></dt> <sn>4 a</sn> <dt>:one who serves or assists another (as in housework) :<sx>helper</sx></dt>  <sn>b</sn> <dt>:<sx>employee</sx> <vi><it>help</it> wanted</vi> <un>often used collectively <vi>the hired <it>help</it></vi></un></dt></def></entry>
	<entry id="holpen"><ew>holpen</ew><subj>DI</subj><hw>hol*pen</hw><sound><wav>holpen01.wav</wav><wpr>!hO(l)-pun</wpr></sound><pr>ˈhō(l)-pən</pr><cx><cl>chiefly dialect past participle of</cl> <ct>help</ct></cx></entry>
	<entry id="self-help"><ew>self-help</ew><hw>self–help</hw><sound><wav>selfh01v.wav</wav><wpr>!self-!help</wpr></sound><pr>ˈself-ˈhelp; <it>Southern also</it> ˈhep</pr><fl>noun</fl><def><date>1831</date><dt>:the action or process of bettering oneself or overcoming one's problems without the aid of others</dt> <sd>especially</sd> <dt>:the coping with one's personal or emotional problems without professional help</dt></def><uro><ure>self–help</ure> <fl>adjective</fl></uro></entry>
	<entry id="cannot"><ew>cannot</ew><hw>can*not</hw><sound><wav>cannot01.wav</wav><wpr>!ka-(+)n@t</wpr></sound><pr>ˈka-(ˌ)nät; kə-ˈnät, ka-ˈ</pr><def><date>15th century</date><dt>:can not</dt></def><dro><drp>cannot but</drp> <vr><vl>or</vl> <va>cannot help but</va> <vl>also</vl> <va>cannot help</va> </vr> <def><dt>:to be unable to do otherwise than <vi>we <it>cannot but</it> wonder why</vi></dt></def></dro></entry>
</entry_list>